=== RUN   TestGapSearch
=== RUN   TestGapSearch/Single_term_match
    search_test.go:66: expected result[0] to be src/foo/bar.go, got src/foo/other.go
    search_test.go:66: expected result[1] to be src/foo/other.go, got src/foo/bar.go
=== RUN   TestGapSearch/Gap_match_(foo_..._bar)
    search_test.go:59: expected 1 results, got 0 for query 'foo bar'
    search_test.go:60: Got: []
=== RUN   TestGapSearch/Gap_match_(baz_..._bar)
    search_test.go:59: expected 1 results, got 0 for query 'baz bar'
    search_test.go:60: Got: []
=== RUN   TestGapSearch/Reverse_order_(bar_..._foo)_-_Should_NOT_match
=== RUN   TestGapSearch/Partial_characters_(s/f/b)
--- FAIL: TestGapSearch (0.00s)
    --- FAIL: TestGapSearch/Single_term_match (0.00s)
    --- FAIL: TestGapSearch/Gap_match_(foo_..._bar) (0.00s)
    --- FAIL: TestGapSearch/Gap_match_(baz_..._bar) (0.00s)
    --- PASS: TestGapSearch/Reverse_order_(bar_..._foo)_-_Should_NOT_match (0.00s)
    --- PASS: TestGapSearch/Partial_characters_(s/f/b) (0.00s)
FAIL
FAIL	github.com/montrey/navi/search	0.001s
FAIL
